Copyright 1986-2022 Xilinx, Inc. All Rights Reserved. Copyright 2022-2023 Advanced Micro Devices, Inc. All Rights Reserved.
-------------------------------------------------------------------------------------------------------------------------------------------------------------
| Tool Version      : Vivado v.2023.1 (lin64) Build 3865809 Sun May  7 15:04:56 MDT 2023
| Date              : Thu Mar 19 04:55:42 2026
| Host              : zkp-egy2 running 64-bit Ubuntu 20.04.6 LTS
| Command           : report_timing_summary
| Design            : elastic_buffer
| Device            : xczu3eg-sbva484
| Speed File        : -1  PRODUCTION 1.30 05-15-2022
| Design State      : Synthesized
| Temperature Grade : E
-------------------------------------------------------------------------------------------------------------------------------------------------------------

Timing Summary Report

------------------------------------------------------------------------------------------------
| Timer Settings
| --------------
------------------------------------------------------------------------------------------------

  Enable Multi Corner Analysis               :  Yes
  Enable Pessimism Removal                   :  Yes
  Pessimism Removal Resolution               :  Nearest Common Node
  Enable Input Delay Default Clock           :  No
  Enable Preset / Clear Arcs                 :  No
  Disable Flight Delays                      :  No
  Ignore I/O Paths                           :  No
  Timing Early Launch at Borrowing Latches   :  No
  Borrow Time for Max Delay Exceptions       :  Yes
  Merge Timing Exceptions                    :  Yes

  Corner  Analyze    Analyze    
  Name    Max Paths  Min Paths  
  ------  ---------  ---------  
  Slow    Yes        Yes        
  Fast    Yes        Yes        


------------------------------------------------------------------------------------------------
| Report Methodology
| ------------------
------------------------------------------------------------------------------------------------

No report available as report_methodology has not been run prior. Run report_methodology on the current design for the summary of methodology violations.



check_timing report

Table of Contents
-----------------
1. checking no_clock (0)
2. checking constant_clock (0)
3. checking pulse_width_clock (0)
4. checking unconstrained_internal_endpoints (0)
5. checking no_input_delay (74)
6. checking no_output_delay (62)
7. checking multiple_clock (0)
8. checking generated_clocks (0)
9. checking loops (0)
10. checking partial_input_delay (0)
11. checking partial_output_delay (0)
12. checking latch_loops (0)

1. checking no_clock (0)
------------------------
 There are 0 register/latch pins with no clock.


2. checking constant_clock (0)
------------------------------
 There are 0 register/latch pins with constant_clock.


3. checking pulse_width_clock (0)
---------------------------------
 There are 0 register/latch pins which need pulse_width check


4. checking unconstrained_internal_endpoints (0)
------------------------------------------------
 There are 0 pins that are not constrained for maximum delay.

 There are 0 pins that are not constrained for maximum delay due to constant clock.


5. checking no_input_delay (74)
-------------------------------
 There are 73 input ports with no input delay specified. (HIGH)

 There is 1 input port with no input delay but user has a false path constraint. (MEDIUM)


6. checking no_output_delay (62)
--------------------------------
 There are 62 ports with no output delay specified. (HIGH)

 There are 0 ports with no output delay but user has a false path constraint

 There are 0 ports with no output delay but with a timing clock defined on it or propagating through it


7. checking multiple_clock (0)
------------------------------
 There are 0 register/latch pins with multiple clocks.


8. checking generated_clocks (0)
--------------------------------
 There are 0 generated clocks that are not connected to a clock source.


9. checking loops (0)
---------------------
 There are 0 combinational loops in the design.


10. checking partial_input_delay (0)
------------------------------------
 There are 0 input ports with partial input delay specified.


11. checking partial_output_delay (0)
-------------------------------------
 There are 0 ports with partial output delay specified.


12. checking latch_loops (0)
----------------------------
 There are 0 combinational latch loops in the design through latch input



------------------------------------------------------------------------------------------------
| Design Timing Summary
| ---------------------
------------------------------------------------------------------------------------------------

    WNS(ns)      TNS(ns)  TNS Failing Endpoints  TNS Total Endpoints      WHS(ns)      THS(ns)  THS Failing Endpoints  THS Total Endpoints     WPWS(ns)     TPWS(ns)  TPWS Failing Endpoints  TPWS Total Endpoints  
    -------      -------  ---------------------  -------------------      -------      -------  ---------------------  -------------------     --------     --------  ----------------------  --------------------  
      2.385        0.000                      0                  368        0.020        0.000                      0                  368        1.427        0.000                       0                   197  


All user specified timing constraints are met.


------------------------------------------------------------------------------------------------
| Clock Summary
| -------------
------------------------------------------------------------------------------------------------

Clock    Waveform(ns)         Period(ns)      Frequency(MHz)
-----    ------------         ----------      --------------
cdr_clk  {0.000 2.000}        4.000           250.000         
sys_clk  {0.000 2.000}        4.000           250.000         


------------------------------------------------------------------------------------------------
| Intra Clock Table
| -----------------
------------------------------------------------------------------------------------------------

Clock             WNS(ns)      TNS(ns)  TNS Failing Endpoints  TNS Total Endpoints      WHS(ns)      THS(ns)  THS Failing Endpoints  THS Total Endpoints     WPWS(ns)     TPWS(ns)  TPWS Failing Endpoints  TPWS Total Endpoints  
-----             -------      -------  ---------------------  -------------------      -------      -------  ---------------------  -------------------     --------     --------  ----------------------  --------------------  
cdr_clk             2.479        0.000                      0                  206        0.020        0.000                      0                  206        1.427        0.000                       0                    86  
sys_clk             2.385        0.000                      0                  162        0.058        0.000                      0                  162        1.725        0.000                       0                   111  


------------------------------------------------------------------------------------------------
| Inter Clock Table
| -----------------
------------------------------------------------------------------------------------------------

From Clock    To Clock          WNS(ns)      TNS(ns)  TNS Failing Endpoints  TNS Total Endpoints      WHS(ns)      THS(ns)  THS Failing Endpoints  THS Total Endpoints  
----------    --------          -------      -------  ---------------------  -------------------      -------      -------  ---------------------  -------------------  


------------------------------------------------------------------------------------------------
| Other Path Groups Table
| -----------------------
------------------------------------------------------------------------------------------------

Path Group    From Clock    To Clock          WNS(ns)      TNS(ns)  TNS Failing Endpoints  TNS Total Endpoints      WHS(ns)      THS(ns)  THS Failing Endpoints  THS Total Endpoints  
----------    ----------    --------          -------      -------  ---------------------  -------------------      -------      -------  ---------------------  -------------------  


------------------------------------------------------------------------------------------------
| Timing Details
| --------------
------------------------------------------------------------------------------------------------


---------------------------------------------------------------------------------------------------
From Clock:  cdr_clk
  To Clock:  cdr_clk

Setup :            0  Failing Endpoints,  Worst Slack        2.479ns,  Total Violation        0.000ns
Hold  :            0  Failing Endpoints,  Worst Slack        0.020ns,  Total Violation        0.000ns
PW    :            0  Failing Endpoints,  Worst Slack        1.427ns,  Total Violation        0.000ns
---------------------------------------------------------------------------------------------------


Max Delay Paths
--------------------------------------------------------------------------------------
Slack (MET) :             2.479ns  (required time - arrival time)
  Source:                 rd_ptr_in_cdr_reg[2]/C
                            (rising edge-triggered cell FDCE clocked by cdr_clk  {rise@0.000ns fall@2.000ns period=4.000ns})
  Destination:            wr_data_reg[0]/CE
                            (rising edge-triggered cell FDCE clocked by cdr_clk  {rise@0.000ns fall@2.000ns period=4.000ns})
  Path Group:             cdr_clk
  Path Type:              Setup (Max at Slow Process Corner)
  Requirement:            4.000ns  (cdr_clk rise@4.000ns - cdr_clk rise@0.000ns)
  Data Path Delay:        1.432ns  (logic 0.392ns (27.374%)  route 1.040ns (72.626%))
  Logic Levels:           4  (LUT2=1 LUT5=1 LUT6=2)
  Clock Path Skew:        -0.011ns (DCD - SCD + CPR)
    Destination Clock Delay (DCD):    0.026ns = ( 4.026 - 4.000 ) 
    Source Clock Delay      (SCD):    0.037ns
    Clock Pessimism Removal (CPR):    0.000ns
  Clock Uncertainty:      0.035ns  ((TSJ^2 + TIJ^2)^1/2 + DJ) / 2 + PE
    Total System Jitter     (TSJ):    0.071ns
    Total Input Jitter      (TIJ):    0.000ns
    Discrete Jitter          (DJ):    0.000ns
    Phase Error              (PE):    0.000ns

    Location             Delay type                Incr(ns)  Path(ns)    Netlist Resource(s)
  -------------------------------------------------------------------    -------------------
                         (clock cdr_clk rise edge)    0.000     0.000 r  
                                                      0.000     0.000 r  cdr_clk_i (IN)
                         net (fo=85, unset)           0.037     0.037    cdr_clk_i
                         FDCE                                         r  rd_ptr_in_cdr_reg[2]/C
  -------------------------------------------------------------------    -------------------
                         FDCE (Prop_FDCE_C_Q)         0.093     0.130 r  rd_ptr_in_cdr_reg[2]/Q
                         net (fo=2, unplaced)         0.177     0.307    rd_ptr_in_cdr[2]
                         LUT6 (Prop_LUT6_I0_O)        0.179     0.486 r  wr_data[19]_i_8/O
                         net (fo=2, unplaced)         0.214     0.700    wr_data[19]_i_8_n_0
                         LUT5 (Prop_LUT5_I1_O)        0.040     0.740 f  wr_data[19]_i_6/O
                         net (fo=1, unplaced)         0.214     0.954    wr_data[19]_i_6_n_0
                         LUT6 (Prop_LUT6_I5_O)        0.040     0.994 f  wr_data[19]_i_2/O
                         net (fo=3, unplaced)         0.220     1.214    wr_data[19]_i_2_n_0
                         LUT2 (Prop_LUT2_I1_O)        0.040     1.254 r  wr_data[19]_i_1/O
                         net (fo=26, unplaced)        0.215     1.469    wr_en1_out
                         FDCE                                         r  wr_data_reg[0]/CE
  -------------------------------------------------------------------    -------------------

                         (clock cdr_clk rise edge)    4.000     4.000 r  
                                                      0.000     4.000 r  cdr_clk_i (IN)
                         net (fo=85, unset)           0.026     4.026    cdr_clk_i
                         FDCE                                         r  wr_data_reg[0]/C
                         clock pessimism              0.000     4.026    
                         clock uncertainty           -0.035     3.991    
                         FDCE (Setup_FDCE_C_CE)      -0.043     3.948    wr_data_reg[0]
  -------------------------------------------------------------------
                         required time                          3.948    
                         arrival time                          -1.469    
  -------------------------------------------------------------------
                         slack                                  2.479    





Min Delay Paths
--------------------------------------------------------------------------------------
Slack (MET) :             0.020ns  (arrival time - required time)
  Source:                 wr_addr_reg[3]/C
                            (rising edge-triggered cell FDRE clocked by cdr_clk  {rise@0.000ns fall@2.000ns period=4.000ns})
  Destination:            fifo_mem_reg_0_15_0_13/RAMA/WADR3
                            (rising edge-triggered cell RAMD32 clocked by cdr_clk  {rise@0.000ns fall@2.000ns period=4.000ns})
  Path Group:             cdr_clk
  Path Type:              Hold (Min at Fast Process Corner)
  Requirement:            0.000ns  (cdr_clk rise@0.000ns - cdr_clk rise@0.000ns)
  Data Path Delay:        0.108ns  (logic 0.038ns (35.185%)  route 0.070ns (64.815%))
  Logic Levels:           0  
  Clock Path Skew:        0.026ns (DCD - SCD - CPR)
    Destination Clock Delay (DCD):    0.039ns
    Source Clock Delay      (SCD):    0.013ns
    Clock Pessimism Removal (CPR):    -0.000ns

    Location             Delay type                Incr(ns)  Path(ns)    Netlist Resource(s)
  -------------------------------------------------------------------    -------------------
                         (clock cdr_clk rise edge)    0.000     0.000 r  
                                                      0.000     0.000 r  cdr_clk_i (IN)
                         net (fo=85, unset)           0.013     0.013    cdr_clk_i
                         FDRE                                         r  wr_addr_reg[3]/C
  -------------------------------------------------------------------    -------------------
                         FDRE (Prop_FDRE_C_Q)         0.038     0.051 r  wr_addr_reg[3]/Q
                         net (fo=24, unplaced)        0.070     0.121    fifo_mem_reg_0_15_0_13/ADDRH3
                         RAMD32                                       r  fifo_mem_reg_0_15_0_13/RAMA/WADR3
  -------------------------------------------------------------------    -------------------

                         (clock cdr_clk rise edge)    0.000     0.000 r  
                                                      0.000     0.000 r  cdr_clk_i (IN)
                         net (fo=85, unset)           0.039     0.039    fifo_mem_reg_0_15_0_13/WCLK
                         RAMD32                                       r  fifo_mem_reg_0_15_0_13/RAMA/CLK
                         clock pessimism              0.000     0.039    
                         RAMD32 (Hold_RAMD32_CLK_WADR3)
                                                      0.062     0.101    fifo_mem_reg_0_15_0_13/RAMA
  -------------------------------------------------------------------
                         required time                         -0.101    
                         arrival time                           0.121    
  -------------------------------------------------------------------
                         slack                                  0.020    





Pulse Width Checks
--------------------------------------------------------------------------------------
Clock Name:         cdr_clk
Waveform(ns):       { 0.000 2.000 }
Period(ns):         4.000
Sources:            { cdr_clk_i }

Check Type        Corner  Lib Pin     Reference Pin  Required(ns)  Actual(ns)  Slack(ns)  Location  Pin
Min Period        n/a     RAMD32/CLK  n/a            1.146         4.000       2.854                fifo_mem_reg_0_15_0_13/RAMA/CLK
Low Pulse Width   Slow    RAMD32/CLK  n/a            0.573         2.000       1.427                fifo_mem_reg_0_15_0_13/RAMA/CLK
High Pulse Width  Slow    RAMD32/CLK  n/a            0.573         2.000       1.427                fifo_mem_reg_0_15_0_13/RAMA/CLK



---------------------------------------------------------------------------------------------------
From Clock:  sys_clk
  To Clock:  sys_clk

Setup :            0  Failing Endpoints,  Worst Slack        2.385ns,  Total Violation        0.000ns
Hold  :            0  Failing Endpoints,  Worst Slack        0.058ns,  Total Violation        0.000ns
PW    :            0  Failing Endpoints,  Worst Slack        1.725ns,  Total Violation        0.000ns
---------------------------------------------------------------------------------------------------


Max Delay Paths
--------------------------------------------------------------------------------------
Slack (MET) :             2.385ns  (required time - arrival time)
  Source:                 rd_ptr_bin_reg[2]/C
                            (rising edge-triggered cell FDCE clocked by sys_clk  {rise@0.000ns fall@2.000ns period=4.000ns})
  Destination:            stat_cnt_add_o_reg[13]/CE
                            (rising edge-triggered cell FDCE clocked by sys_clk  {rise@0.000ns fall@2.000ns period=4.000ns})
  Path Group:             sys_clk
  Path Type:              Setup (Max at Slow Process Corner)
  Requirement:            4.000ns  (sys_clk rise@4.000ns - sys_clk rise@0.000ns)
  Data Path Delay:        1.525ns  (logic 0.492ns (32.262%)  route 1.033ns (67.738%))
  Logic Levels:           4  (LUT2=1 LUT6=3)
  Clock Path Skew:        -0.011ns (DCD - SCD + CPR)
    Destination Clock Delay (DCD):    0.026ns = ( 4.026 - 4.000 ) 
    Source Clock Delay      (SCD):    0.037ns
    Clock Pessimism Removal (CPR):    0.000ns
  Clock Uncertainty:      0.035ns  ((TSJ^2 + TIJ^2)^1/2 + DJ) / 2 + PE
    Total System Jitter     (TSJ):    0.071ns
    Total Input Jitter      (TIJ):    0.000ns
    Discrete Jitter          (DJ):    0.000ns
    Phase Error              (PE):    0.000ns

    Location             Delay type                Incr(ns)  Path(ns)    Netlist Resource(s)
  -------------------------------------------------------------------    -------------------
                         (clock sys_clk rise edge)    0.000     0.000 r  
                                                      0.000     0.000 r  sys_clk_i (IN)
                         net (fo=110, unset)          0.037     0.037    sys_clk_i
                         FDCE                                         r  rd_ptr_bin_reg[2]/C
  -------------------------------------------------------------------    -------------------
                         FDCE (Prop_FDCE_C_Q)         0.093     0.130 r  rd_ptr_bin_reg[2]/Q
                         net (fo=30, unplaced)        0.235     0.365    rd_ptr_bin_reg[2]
                         LUT6 (Prop_LUT6_I0_O)        0.179     0.544 f  rd_fill_level[2]_i_1/O
                         net (fo=4, unplaced)         0.173     0.717    rd_fill_level[2]_i_1_n_0
                         LUT6 (Prop_LUT6_I0_O)        0.116     0.833 f  rd_data_out_o[19]_i_23/O
                         net (fo=2, unplaced)         0.214     1.047    rd_data_out_o[19]_i_23_n_0
                         LUT6 (Prop_LUT6_I5_O)        0.040     1.087 r  rd_data_out_o[19]_i_8/O
                         net (fo=21, unplaced)        0.206     1.293    rd_en1
                         LUT2 (Prop_LUT2_I0_O)        0.064     1.357 r  stat_cnt_add_o[15]_i_1/O
                         net (fo=17, unplaced)        0.205     1.562    stat_cnt_add_o[15]_i_1_n_0
                         FDCE                                         r  stat_cnt_add_o_reg[13]/CE
  -------------------------------------------------------------------    -------------------

                         (clock sys_clk rise edge)    4.000     4.000 r  
                                                      0.000     4.000 r  sys_clk_i (IN)
                         net (fo=110, unset)          0.026     4.026    sys_clk_i
                         FDCE                                         r  stat_cnt_add_o_reg[13]/C
                         clock pessimism              0.000     4.026    
                         clock uncertainty           -0.035     3.991    
                         FDCE (Setup_FDCE_C_CE)      -0.044     3.947    stat_cnt_add_o_reg[13]
  -------------------------------------------------------------------
                         required time                          3.947    
                         arrival time                          -1.562    
  -------------------------------------------------------------------
                         slack                                  2.385    





Min Delay Paths
--------------------------------------------------------------------------------------
Slack (MET) :             0.058ns  (arrival time - required time)
  Source:                 stat_cnt_add_o_reg[0]/C
                            (rising edge-triggered cell FDCE clocked by sys_clk  {rise@0.000ns fall@2.000ns period=4.000ns})
  Destination:            stat_cnt_add_o_reg[1]/D
                            (rising edge-triggered cell FDCE clocked by sys_clk  {rise@0.000ns fall@2.000ns period=4.000ns})
  Path Group:             sys_clk
  Path Type:              Hold (Min at Fast Process Corner)
  Requirement:            0.000ns  (sys_clk rise@0.000ns - sys_clk rise@0.000ns)
  Data Path Delay:        0.110ns  (logic 0.085ns (77.273%)  route 0.025ns (22.727%))
  Logic Levels:           1  (CARRY8=1)
  Clock Path Skew:        0.006ns (DCD - SCD - CPR)
    Destination Clock Delay (DCD):    0.019ns
    Source Clock Delay      (SCD):    0.013ns
    Clock Pessimism Removal (CPR):    -0.000ns

    Location             Delay type                Incr(ns)  Path(ns)    Netlist Resource(s)
  -------------------------------------------------------------------    -------------------
                         (clock sys_clk rise edge)    0.000     0.000 r  
                                                      0.000     0.000 r  sys_clk_i (IN)
                         net (fo=110, unset)          0.013     0.013    sys_clk_i
                         FDCE                                         r  stat_cnt_add_o_reg[0]/C
  -------------------------------------------------------------------    -------------------
                         FDCE (Prop_FDCE_C_Q)         0.038     0.051 r  stat_cnt_add_o_reg[0]/Q
                         net (fo=2, unplaced)         0.018     0.069    stat_cnt_add_o[0]
                         CARRY8 (Prop_CARRY8_CI_O[0])
                                                      0.047     0.116 r  stat_cnt_add_o_reg[8]_i_1/O[0]
                         net (fo=1, unplaced)         0.007     0.123    p_0_in__2[1]
                         FDCE                                         r  stat_cnt_add_o_reg[1]/D
  -------------------------------------------------------------------    -------------------

                         (clock sys_clk rise edge)    0.000     0.000 r  
                                                      0.000     0.000 r  sys_clk_i (IN)
                         net (fo=110, unset)          0.019     0.019    sys_clk_i
                         FDCE                                         r  stat_cnt_add_o_reg[1]/C
                         clock pessimism              0.000     0.019    
                         FDCE (Hold_FDCE_C_D)         0.046     0.065    stat_cnt_add_o_reg[1]
  -------------------------------------------------------------------
                         required time                         -0.065    
                         arrival time                           0.123    
  -------------------------------------------------------------------
                         slack                                  0.058    





Pulse Width Checks
--------------------------------------------------------------------------------------
Clock Name:         sys_clk
Waveform(ns):       { 0.000 2.000 }
Period(ns):         4.000
Sources:            { sys_clk_i }

Check Type        Corner  Lib Pin  Reference Pin  Required(ns)  Actual(ns)  Slack(ns)  Location  Pin
Min Period        n/a     FDCE/C   n/a            0.550         4.000       3.450                data_valid_out_o_reg/C
Low Pulse Width   Slow    FDCE/C   n/a            0.275         2.000       1.725                data_valid_out_o_reg/C
High Pulse Width  Slow    FDCE/C   n/a            0.275         2.000       1.725                data_valid_out_o_reg/C



